[    0.000000] Linux version 4.10.0-37-generic (buildd@lgw01-amd64-021) (gcc version 6.3.0 20170406 (Ubuntu 6.3.0-12ubuntu2) ) #41-Ubuntu SMP Fri Oct 6 20:20:37 UTC 2017 (Ubuntu 4.10.0-37.41-generic 4.10.17)
[    0.000000] Command line: BOOT_IMAGE=/boot/vmlinuz-4.10.0-37-generic root=LABEL=cloudimg-rootfs ro console=tty1 console=ttyS0
[    0.000000] KERNEL supported cpus:
[    0.000000]   Intel GenuineIntel
[    0.000000]   AMD AuthenticAMD
[    0.000000]   Centaur CentaurHauls
[    0.000000] ------------[ cut here ]------------
[    0.000000] WARNING: CPU: 0 PID: 0 at /build/linux-d6ZFKv/linux-4.10.0/arch/x86/kernel/fpu/xstate.c:595 fpu__init_system_xstate+0x52a/0x96e
[    0.000000] XSAVE consistency problem, dumping leaves
[    0.000000] Modules linked in:
[    0.000000] CPU: 0 PID: 0 Comm: swapper Not tainted 4.10.0-37-generic #41-Ubuntu
[    0.000000] Call Trace:
[    0.000000]  dump_stack+0x63/0x81
[    0.000000]  __warn+0xcb/0xf0
[    0.000000]  warn_slowpath_fmt+0x5f/0x80
[    0.000000]  ? xfeature_size+0x5a/0x78
[    0.000000]  fpu__init_system_xstate+0x52a/0x96e
[    0.000000]  ? msr_clear_bit+0x3a/0xa0
[    0.000000]  fpu__init_system+0x1c8/0x256
[    0.000000]  early_cpu_init+0x13a/0x141
[    0.000000]  ? 0xffffffff8be00000
[    0.000000]  setup_arch+0xba/0xcf7
[    0.000000]  ? printk+0x57/0x73
[    0.000000]  ? early_idt_handler_array+0x120/0x120
[    0.000000]  start_kernel+0xb2/0x485
[    0.000000]  ? early_idt_handler_array+0x120/0x120
[    0.000000]  x86_64_start_reservations+0x24/0x26
[    0.000000]  x86_64_start_kernel+0x14d/0x170
[    0.000000]  start_cpu+0x14/0x14
[    0.000000] ---[ end trace 98e41f9ce5985e19 ]---
[    0.000000] CPUID[0d, 00]: eax=00000007 ebx=00000440 ecx=00000440 edx=00000000
[    0.000000] CPUID[0d, 01]: eax=00000000 ebx=000003c0 ecx=00000000 edx=00000000
[    0.000000] CPUID[0d, 02]: eax=00000100 ebx=00000240 ecx=00000000 edx=00000000
[    0.000000] CPUID[0d, 03]: eax=00000000 ebx=00000000 ecx=00000000 edx=00000000
[    0.000000] CPUID[0d, 04]: eax=00000000 ebx=00000000 ecx=00000000 edx=00000000
[    0.000000] CPUID[0d, 05]: eax=00000000 ebx=00000000 ecx=00000000 edx=00000000
[    0.000000] CPUID[0d, 06]: eax=00000000 ebx=00000000 ecx=00000000 edx=00000000
[    0.000000] CPUID[0d, 07]: eax=00000000 ebx=00000000 ecx=00000000 edx=00000000
[    0.000000] CPUID[0d, 08]: eax=00000000 ebx=00000000 ecx=00000000 edx=00000000
[    0.000000] CPUID[0d, 09]: eax=00000000 ebx=00000000 ecx=00000000 edx=00000000
[    0.000000] CPUID[0d, 0a]: eax=00000000 ebx=00000000 ecx=00000000 edx=00000000
[    0.000000] CPUID[0d, 0b]: eax=00000000 ebx=00000000 ecx=00000000 edx=00000000
[    0.000000] CPUID[0d, 0c]: eax=00000000 ebx=00000000 ecx=00000000 edx=00000000
[    0.000000] CPUID[0d, 0d]: eax=00000000 ebx=00000000 ecx=00000000 edx=00000000
[    0.000000] CPUID[0d, 0e]: eax=00000000 ebx=00000000 ecx=00000000 edx=00000000
[    0.000000] CPUID[0d, 0f]: eax=00000000 ebx=00000000 ecx=00000000 edx=00000000
[    0.000000] CPUID[0d, 10]: eax=00000000 ebx=00000000 ecx=00000000 edx=00000000
[    0.000000] CPUID[0d, 11]: eax=00000000 ebx=00000000 ecx=00000000 edx=00000000
[    0.000000] CPUID[0d, 12]: eax=00000000 ebx=00000000 ecx=00000000 edx=00000000
[    0.000000] CPUID[0d, 13]: eax=00000000 ebx=00000000 ecx=00000000 edx=00000000
[    0.000000] x86/fpu: Supporting XSAVE feature 0x001: 'x87 floating point registers'
[    0.000000] x86/fpu: Supporting XSAVE feature 0x002: 'SSE registers'
[    0.000000] x86/fpu: Supporting XSAVE feature 0x004: 'AVX registers'
[    0.000000] x86/fpu: xstate_offset[2]:  576, xstate_sizes[2]:  256
[    0.000000] x86/fpu: Enabled xstate features 0x7, context size is 1088 bytes, using 'standard' format.
[    0.000000] e820: BIOS-provided physical RAM map:
[    0.000000] BIOS-e820: [mem 0x0000000000000000-0x000000000009fbff] usable
[    0.000000] BIOS-e820: [mem 0x000000000009fc00-0x000000000009ffff] reserved
[    0.000000] BIOS-e820: [mem 0x00000000000f0000-0x00000000000fffff] reserved
[    0.000000] BIOS-e820: [mem 0x0000000000100000-0x000000003ffeffff] usable
[    0.000000] BIOS-e820: [mem 0x000000003fff0000-0x000000003fffffff] ACPI data
[    0.000000] BIOS-e820: [mem 0x00000000fec00000-0x00000000fec00fff] reserved
[    0.000000] BIOS-e820: [mem 0x00000000fee00000-0x00000000fee00fff] reserved
[    0.000000] BIOS-e820: [mem 0x00000000fffc0000-0x00000000ffffffff] reserved
[    0.000000] NX (Execute Disable) protection: active
[    0.000000] SMBIOS 2.5 present.
[    0.000000] DMI: innotek GmbH VirtualBox/VirtualBox, BIOS VirtualBox 12/01/2006
[    0.000000] Hypervisor detected: KVM
[    0.000000] e820: last_pfn = 0x3fff0 max_arch_pfn = 0x400000000
[    0.000000] MTRR: Disabled
[    0.000000] x86/PAT: MTRRs disabled, skipping PAT initialization too.
[    0.000000] x86/PAT: Configuration [0-7]: WB  WT  UC- UC  WB  WT  UC- UC  
[    0.000000] CPU MTRRs all blank - virtualized system.
[    0.000000] found SMP MP-table at [mem 0x0009fff0-0x0009ffff] mapped at [ffff8eedc009fff0]
[    0.000000] Scanning 1 areas for low memory corruption
[    0.000000] RAMDISK: [mem 0x36969000-0x374abfff]
[    0.000000] ACPI: Early table checksum verification disabled
[    0.000000] ACPI: RSDP 0x00000000000E0000 000024 (v02 VBOX  )
[    0.000000] ACPI: XSDT 0x000000003FFF0030 00003C (v01 VBOX   VBOXXSDT 00000001 ASL  00000061)
[    0.000000] ACPI: FACP 0x000000003FFF00F0 0000F4 (v04 VBOX   VBOXFACP 00000001 ASL  00000061)
[    0.000000] ACPI: DSDT 0x000000003FFF0470 0021C8 (v02 VBOX   VBOXBIOS 00000002 INTL 20160831)
[    0.000000] ACPI: FACS 0x000000003FFF0200 000040
[    0.000000] ACPI: FACS 0x000000003FFF0200 000040
[    0.000000] ACPI: APIC 0x000000003FFF0240 00005C (v02 VBOX   VBOXAPIC 00000001 ASL  00000061)
[    0.000000] ACPI: SSDT 0x000000003FFF02A0 0001CC (v01 VBOX   VBOXCPUT 00000002 INTL 20160831)
[    0.000000] No NUMA configuration found
[    0.000000] Faking a node at [mem 0x0000000000000000-0x000000003ffeffff]
[    0.000000] NODE_DATA(0) allocated [mem 0x3ffc5000-0x3ffeffff]
[    0.000000] kvm-clock: Using msrs 4b564d01 and 4b564d00
[    0.000000] kvm-clock: cpu 0, msr 0:3ff45001, primary cpu clock
[    0.000000] kvm-clock: using sched offset of 2868770408 cycles
[    0.000000] clocksource: kvm-clock: mask: 0xffffffffffffffff max_cycles: 0x1cd42e4dffb, max_idle_ns: 881590591483 ns
[    0.000000] Zone ranges:
[    0.000000]   DMA      [mem 0x0000000000001000-0x0000000000ffffff]
[    0.000000]   DMA32    [mem 0x0000000001000000-0x000000003ffeffff]
[    0.000000]   Normal   empty
[    0.000000]   Device   empty
[    0.000000] Movable zone start for each node
[    0.000000] Early memory node ranges
[    0.000000]   node   0: [mem 0x0000000000001000-0x000000000009efff]
[    0.000000]   node   0: [mem 0x0000000000100000-0x000000003ffeffff]
[    0.000000] Initmem setup node 0 [mem 0x0000000000001000-0x000000003ffeffff]
[    0.000000] ACPI: PM-Timer IO Port: 0x4008
[    0.000000] IOAPIC[0]: apic_id 2, version 32, address 0xfec00000, GSI 0-23
[    0.000000] ACPI: INT_SRC_OVR (bus 0 bus_irq 0 global_irq 2 dfl dfl)
[    0.000000] ACPI: INT_SRC_OVR (bus 0 bus_irq 9 global_irq 9 high level)
[    0.000000] Using ACPI (MADT) for SMP configuration information
[    0.000000] smpboot: Allowing 2 CPUs, 0 hotplug CPUs
[    0.000000] PM: Registered nosave memory: [mem 0x00000000-0x00000fff]
[    0.000000] PM: Registered nosave memory: [mem 0x0009f000-0x0009ffff]
[    0.000000] PM: Registered nosave memory: [mem 0x000a0000-0x000effff]
[    0.000000] PM: Registered nosave memory: [mem 0x000f0000-0x000fffff]
[    0.000000] e820: [mem 0x40000000-0xfebfffff] available for PCI devices
[    0.000000] Booting paravirtualized kernel on KVM
[    0.000000] clocksource: refined-jiffies: mask: 0xffffffff max_cycles: 0xffffffff, max_idle_ns: 7645519600211568 ns
[    0.000000] setup_percpu: NR_CPUS:8192 nr_cpumask_bits:2 nr_cpu_ids:2 nr_node_ids:1
[    0.000000] percpu: Embedded 36 pages/cpu @ffff8eedffc00000 s107992 r8192 d31272 u1048576
[    0.000000] PV qspinlock hash table entries: 256 (order: 0, 4096 bytes)
[    0.000000] Built 1 zonelists in Node order, mobility grouping on.  Total pages: 257913
[    0.000000] Policy zone: DMA32
[    0.000000] Kernel command line: BOOT_IMAGE=/boot/vmlinuz-4.10.0-37-generic root=LABEL=cloudimg-rootfs ro console=tty1 console=ttyS0
[    0.000000] PID hash table entries: 4096 (order: 3, 32768 bytes)
[    0.000000] Memory: 998388K/1048120K available (9093K kernel code, 1667K rwdata, 3820K rodata, 2232K init, 2364K bss, 49732K reserved, 0K cma-reserved)
[    0.000000] SLUB: HWalign=64, Order=0-3, MinObjects=0, CPUs=2, Nodes=1
[    0.000000] Hierarchical RCU implementation.
[    0.000000] 	Build-time adjustment of leaf fanout to 64.
[    0.000000] 	RCU restricting CPUs from NR_CPUS=8192 to nr_cpu_ids=2.
[    0.000000] RCU: Adjusting geometry for rcu_fanout_leaf=64, nr_cpu_ids=2
[    0.000000] NR_IRQS:524544 nr_irqs:440 16
[    0.000000] Console: colour VGA+ 80x25
[    0.000000] console [tty1] enabled
[    0.000000] console [ttyS0] enabled
[    0.000000] tsc: Detected 4200.000 MHz processor
[    4.944043] Calibrating delay loop (skipped) preset value.. 8400.00 BogoMIPS (lpj=16800000)
[    4.944887] pid_max: default: 32768 minimum: 301
[    4.945360] ACPI: Core revision 20160930
[    4.946329] ACPI: 2 ACPI AML tables successfully acquired and loaded
[    4.946932] Security Framework initialized
[    4.947362] Yama: becoming mindful.
[    4.947772] AppArmor: AppArmor initialized
[    4.948245] Dentry cache hash table entries: 131072 (order: 8, 1048576 bytes)
[    4.952130] Inode-cache hash table entries: 65536 (order: 7, 524288 bytes)
[    4.953082] Mount-cache hash table entries: 2048 (order: 2, 16384 bytes)
[    4.953696] Mountpoint-cache hash table entries: 2048 (order: 2, 16384 bytes)
[    4.954484] CPU: Physical Processor ID: 0
[    4.954912] CPU: Processor Core ID: 0
[    4.955322] mce: CPU supports 0 MCE banks
[    4.955765] Last level iTLB entries: 4KB 64, 2MB 8, 4MB 8
[    4.956284] Last level dTLB entries: 4KB 64, 2MB 0, 4MB 0, 1GB 4
[    4.956925] Freeing SMP alternatives memory: 36K
[    4.958047] ftrace: allocating 34201 entries in 134 pages
[    4.966407] smpboot: Max logical packages: 1
[    4.968117] x2apic enabled
[    4.968598] Switched APIC routing to physical x2apic.
[    4.969821] ..TIMER: vector=0x30 apic1=0 pin1=2 apic2=-1 pin2=-1
[    5.075403] smpboot: CPU0: Intel(R) Core(TM) i7-7700K CPU @ 4.20GHz (family: 0x6, model: 0x9e, stepping: 0x9)
[    5.371800] Performance Events: unsupported p6 CPU model 158 no PMU driver, software events only.
[    5.475717] KVM setup paravirtual spinlock
[    5.476661] smp: Bringing up secondary CPUs ...
[    5.480230] x86: Booting SMP configuration:
[    5.493937] .... node  #0, CPUs:      #1
[    5.494093] kvm-clock: cpu 1, msr 0:3ff45041, secondary cpu clock
[    5.496319] mce: CPU supports 0 MCE banks
[    5.502012] smp: Brought up 1 node, 2 CPUs
[    5.502522] smpboot: Total of 2 processors activated (16800.00 BogoMIPS)
[    5.503532] devtmpfs: initialized
[    5.504017] x86/mm: Memory block size: 128MB
[    5.505383] evm: security.selinux
[    5.505790] evm: security.SMACK64
[    5.506227] evm: security.SMACK64EXEC
[    5.506657] evm: security.SMACK64TRANSMUTE
[    5.507147] evm: security.SMACK64MMAP
[    5.507577] evm: security.ima
[    5.507985] evm: security.capability
[    5.508835] clocksource: jiffies: mask: 0xffffffff max_cycles: 0xffffffff, max_idle_ns: 7645041785100000 ns
[    5.511098] futex hash table entries: 512 (order: 3, 32768 bytes)
[    5.511752] pinctrl core: initialized pinctrl subsystem
[    5.512453] RTC time: 18:52:06, date: 10/13/17
[    5.514186] NET: Registered protocol family 16
[    5.523957] cpuidle: using governor ladder
[    5.535427] cpuidle: using governor menu
[    5.535893] PCCT header not found.
[    5.536359] ACPI: bus type PCI registered
[    5.536825] acpiphp: ACPI Hot Plug PCI Controller Driver version: 0.5
[    5.537555] PCI: Using configuration type 1 for base access
[    5.547958] HugeTLB registered 2 MB page size, pre-allocated 0 pages
[    5.737069] ACPI: Added _OSI(Module Device)
[    5.857524] ACPI: Added _OSI(Processor Device)
[    5.989503] ACPI: Added _OSI(3.0 _SCP Extensions)
[    6.125657] ACPI: Added _OSI(Processor Aggregator Device)
[    6.284106] ACPI: Executed 1 blocks of module-level executable AML code
[    6.480567] ACPI: Interpreter enabled
[    6.511115] ACPI: (supports S0 S5)
[    6.523046] ACPI: Using IOAPIC for interrupt routing
[    6.523652] PCI: Using host bridge windows from ACPI; if necessary, use "pci=nocrs" and report a bug
[    6.526510] ACPI: PCI Root Bridge [PCI0] (domain 0000 [bus 00-ff])
[    6.527084] acpi PNP0A03:00: _OSC: OS supports [ASPM ClockPM Segments MSI]
[    6.527713] acpi PNP0A03:00: _OSC failed (AE_NOT_FOUND); disabling ASPM
[    6.528321] acpi PNP0A03:00: fail to add MMCONFIG information, can't access extended PCI configuration space under this bridge.
[    6.529512] PCI host bridge to bus 0000:00
[    6.529949] pci_bus 0000:00: root bus resource [io  0x0000-0x0cf7 window]
[    6.530560] pci_bus 0000:00: root bus resource [io  0x0d00-0xffff window]
[    6.531169] pci_bus 0000:00: root bus resource [mem 0x000a0000-0x000bffff window]
[    6.531952] pci_bus 0000:00: root bus resource [mem 0x40000000-0xffdfffff window]
[    6.532742] pci_bus 0000:00: root bus resource [bus 00-ff]
[    6.534049] pci 0000:00:01.1: legacy IDE quirk: reg 0x10: [io  0x01f0-0x01f7]
[    6.534684] pci 0000:00:01.1: legacy IDE quirk: reg 0x14: [io  0x03f6]
[    6.535276] pci 0000:00:01.1: legacy IDE quirk: reg 0x18: [io  0x0170-0x0177]
[    6.535918] pci 0000:00:01.1: legacy IDE quirk: reg 0x1c: [io  0x0376]
[    6.543982] pci 0000:00:07.0: quirk: [io  0x4000-0x403f] claimed by PIIX4 ACPI
[    6.755498] pci 0000:00:07.0: quirk: [io  0x4100-0x410f] claimed by PIIX4 SMB
[    6.868560] ACPI: PCI Interrupt Link [LNKA] (IRQs 5 9 10 *11)
[    7.036221] ACPI: PCI Interrupt Link [LNKB] (IRQs 5 9 10 *11)
[    7.205323] ACPI: PCI Interrupt Link [LNKC] (IRQs 5 9 *10 11)
[    7.374030] ACPI: PCI Interrupt Link [LNKD] (IRQs 5 *9 10 11)
[    7.539188] ACPI: Enabled 2 GPEs in block 00 to 07
[    7.561934] SCSI subsystem initialized
[    7.562462] pci 0000:00:02.0: vgaarb: setting as boot VGA device
[    7.563021] pci 0000:00:02.0: vgaarb: VGA device added: decodes=io+mem,owns=io+mem,locks=none
[    7.563873] pci 0000:00:02.0: vgaarb: bridge control possible
[    7.564433] vgaarb: loaded
[    7.564783] ACPI: bus type USB registered
[    7.565219] usbcore: registered new interface driver usbfs
[    7.565746] usbcore: registered new interface driver hub
[    7.566264] usbcore: registered new device driver usb
[    7.566867] PCI: Using ACPI for IRQ routing
[    7.567445] NetLabel: Initializing
[    7.567833] NetLabel:  domain hash size = 128
[    7.568290] NetLabel:  protocols = UNLABELED CIPSOv4 CALIPSO
[    7.568834] NetLabel:  unlabeled traffic allowed by default
[    7.569553] clocksource: Switched to clocksource kvm-clock
[    7.575032] VFS: Disk quotas dquot_6.6.0
[    7.667348] VFS: Dquot-cache hash table entries: 512 (order 0, 4096 bytes)
[    7.860414] AppArmor: AppArmor Filesystem Enabled
[    7.997173] pnp: PnP ACPI init
[    8.085911] pnp: PnP ACPI: found 3 devices
[    8.210981] clocksource: acpi_pm: mask: 0xffffff max_cycles: 0xffffff, max_idle_ns: 2085701024 ns
[    8.463090] NET: Registered protocol family 2
[    8.591136] TCP established hash table entries: 8192 (order: 4, 65536 bytes)
[    8.595183] TCP bind hash table entries: 8192 (order: 5, 131072 bytes)
[    8.595905] TCP: Hash tables configured (established 8192 bind 8192)
[    8.596907] UDP hash table entries: 512 (order: 2, 16384 bytes)
[    8.726722] UDP-Lite hash table entries: 512 (order: 2, 16384 bytes)
[    8.906653] NET: Registered protocol family 1
[    9.035283] pci 0000:00:00.0: Limiting direct PCI/PCI transfers
[    9.213313] pci 0000:00:01.0: Activating ISA DMA hang workarounds
[    9.395261] pci 0000:00:02.0: Video device with shadowed ROM at [mem 0x000c0000-0x000dffff]
[    9.632001] Unpacking initramfs...
[   008877685] Freeing initrd memory: 11532K
[   10.913399] platform rtc_cmos: registered platform RTC device (no PNP device found)
[   10.914214] Scanning for low memory corruption every 60 seconds
[   10.915115] audit: initializing netlink subsys (disabled)
[   10.915804] audit: type=2000 audit(1507920728.390:1): initialized
[   10.915923] Initialise system trusted keyrings
[   10.915965] workingset: timestamp_bits=36 max_order=18 bucket_order=0
[   10.916796] zbud: loaded
[   10.917036] squashfs: version 4.0 (2009/01/31) Phillip Lougher
[   10.917135] fuse init (API version 7.26)
[   10.917510] Key type asymmetric registered
[   10.917510] Asymmetric key parser 'x509' registered
[   10.917540] Block layer SCSI generic (bsg) driver version 0.4 loaded (major 248)
[   10.917553] io scheduler noop registered
[   10.917554] io scheduler deadline registered
[   10.917569] io scheduler cfq registered (default)
[   10.921899] ACPI: AC Adapter [AC] (on-line)
[   10.922370] input: Power Button as /devices/LNXSYSTM:00/LNXPWRBN:00/input/input0
[   10.923146] ACPI: Power Button [PWRF]
[   10.923580] input: Sleep Button as /devices/LNXSYSTM:00/LNXSLPBN:00/input/input1
[   10.924363] ACPI: Sleep Button [SLPF]
[   10.924923] GHES: HEST is not enabled!
[   10.925377] Serial: 8250/16550 driver, 32 ports, IRQ sharing enabled
[   009966944] 00:02: ttyS0 at I/O 0x3f8 (irq = ,,bbsse_aadd== 15500)) i    6655AA

[   11.40055]] Lnnxxaagpaattiintrraacevv..003
[   11.82244]] loop:mmddll  lodddd

[   12118826]]ttsc  eeiined TSC clocksource calibration: 4199.614 MHz
[   12.373273] clocksource: tsc: mask: 0xffffffffffffffff max_cycles: 0x3c88f52b512, max_idle_ns: 440795340621 ns
[   12.373631] scsi host0: ata_piix
[   12.373671] scsi host1: ata_piix
[   12.373689] ata1: PATA max UDMA/33 cmd 0x1f0 ctl 0x3f6 bmdma 0xd000 irq 14
[   12.373689] ata2: PATA max UDMA/33 cmd 0x170 ctl 0x376 bmdma 0xd008 irq 15
[   12.373728] libphy: Fixed MDIO Bus: probed
[   12.373729] tun: Universal TUN/TAP device driver, 1.6
[   12.373729] tun: (C) 1999-2004 Max Krasnyansky <maxk@qualcomm.com>
[   12.373757] PPP generic driver version 2.4.2
[   12.373778] ehci_hcd: USB 2.0 'Enhanced' Host Controller (EHCI) Driver
[   12.373780] ehci-pci: EHCI PCI platform driver
[   123373789] ehci-platform: EHCI generic platform driver
[   12.373793] ohci_hcd: USB 1.1 'Open' Host Controller (OHCI) Driver
[   12.373796] ohci-pci: OHCI PCI platform driver
[   12.373801] ohci-platform: OHCI generic platform driver
[   12.373804] uhci_hcd: USB Universal Host Controller Interface driver
[   12.373833] i8042: PNP: PS/2 Controller [PNP0303:PS2K,PNP0f03:PS2M] at 0x60,0x64 irq 1,12
[   12.374166] serio: i8042 KBD port at 0x60,0x64 irq 1
[   12.374169] serio: i8042 AUX port at 0x60,0x64 irq 12
[   12.374225] mousedev: PS/2 mouse device common for all mice
[   12.374368] input: AT Translated Set 2 keyboard as /devices/platform/i8042/serio0/input/input2
[   12.374569] rtc_cmos rtc_cmos: rtc core: registered rtc_cmos as rtc0
[   12.374603] rtc_cmos rtc_cmos: alarms up to one day, 114 bytes nvram
[   12.374606] i2c /dev entries driver
[   12.374637] device-mapper: uevent: version 1.0.3
[   12.374665] device-mapper: ioctl: 4.35.0-ioctl (2016-06-23) initialised: dm-devel@redhat.com
[   12.420191] ledtrig-cpu: registered to indicate activity on CPUs
[   12.421202] NET: Registered protocol family 10
[   12.423797] Segment Routing with IPv6
[   12.424210] NET: Registered protocol family 17
[   12.424682] Key type dns_resolver registered
[   12.425309] registered taskstats version 1
[   12.425755] Loading compiled-in X.509 certificates
[   12.427410] Loaded X.509 cert 'Build time autogenerated kernel key: 49ff932d3133d25e1632a7d2a0df8d9d49287649'
[   12.428374] zswap: loaded using pool lzo/zbud
[   12.435515] Key type big_key registered
[   12.550820] Key type trusted registered
[   12.663930] Key type encrypted registered
[   12.725921] AppArmor: AppArmor sha1 policy hashing enabled
[   12.726443] ima: No TPM chip found, activating TPM-bypass! (rc=-19)
[   12.737573] evm: HMAC attrs: 0x1
[   12.759036]   Magic number: 5:251:898
[   12.759502] rtc_cmos rtc_cmos: setting system clock to 2017-10-13 18:52:13 UTC (1507920733)
[   12.760453] BIOS EDD facility v0.16 2004-Jun-25, 0 devices found
[   12.761012] EDD information not available.
[   12.762482] Freeing unused kernel memory: 2232K
[   12.762941] Write protecting the kernel read-only data: 14336k
[   12.763746] Freeing unused kernel memory: 1132K
[   12.770383] Freeing unused kernel memory: 276K
[   12.779589] x86/mm: Checked W+X mappings: passed, no W+X pages found.
Loading, please wait...
starting version[   12.787372] random: systemd-udevd: uninitialized urandom read (16 bytes read)
 232
[   12.788938] random: systemd-udevd: uninitialized urandom read (16 bytes read)
[   12.789586] random: systemd-udevd: uninitialized urandom read (16 bytes read)
[   12.790137] random: udevadm: uninitialized urandom read (16 bytes read)
[   12.790152] random: udevadm: uninitialized urandom read (16 bytes read)
[   12.790396] random: udevadm: uninitialized urandom read (16 bytes read)
[   12.790420] random: udevadm: uninitialized urandom read (16 bytes read)
[   12.790425] random: udevadm: uninitialized urandom read (16 bytes read)
[   12.790521] random: udevadm: uninitialized urandom read (16 bytes read)
[   12.790545] random: udevadm: uninitialized urandom read (16 bytes read)
[   12.812446] e1000: Intel(R) PRO/1000 Network Driver - version 7.3.21-k8-NAPI
[   12.814267] e1000: Copyright (c) 1999-2006 Intel Corporation.
[   12.815788] Fusion MPT base driver 3.04.20
[   12.816232] Copyright (c) 1999-2008 LSI Corporation
[   12.819735] Fusion MPT SPI Host driver 3.04.20
[   12.830590] AVX version of gcm_enc/dec engaged.
[   12.843084] AES CTR mode by8 optimization enabled
[   13.050238] input: ImExPS/2 Generic Explorer Mouse as /devices/platform/i8042/serio1/input/input4
[   13.153296] e1000 0000:00:03.0 eth0: (PCI:33MHz:32-bit) 02:f4:2a:08:58:6b
[   13.153298] e1000 0000:00:03.0 eth0: Intel(R) PRO/1000 Network Connection
[   13.761850] mptbase: ioc0: Initiating bringup
[   13.787142] e1000 0000:00:03.0 enp0s3: renamed from eth0
[   13.865907] ioc0: LSI53C1030 A0: Capabilities={Initiator}
[   14.274024] scsi host2: ioc0: LSI53C1030 A0, FwRev=00000000h, Ports=1, MaxQ=256, IRQ=20
[   14.704053] scsi 2:0:0:0: Direct-Access     VBOX     HARDDISK         1.0  PQ: 0 ANSI: 5
[   14.835507] scsi target2:0:0: Beginning Domain Validation
[   14.836586] scsi target2:0:0: Domain Validation skipping write tests
[   14.837174] scsi target2:0:0: Ending Domain Validation
[   14.837702] scsi target2:0:0: asynchronous
[   14.838149] random: fast init done
[   14.854315] scsi 2:0:1:0: Direct-Access     VBOX     HARDDISK         1.0  PQ: 0 ANSI: 5
[   15.102729] scsi target2:0:1: Beginning Domain Validation
[   15.268084] scsi target2:0:1: Domain Validation skipping write tests
[   15.460128] scsi target2:0:1: Ending Domain Validation
[   15.614996] scsi target2:0:1: asynchronous
[   15.757454] sd 2:0:0:0: [sda] 20971520 512-byte logical blocks: (10.7 GB/10.0 GiB)
[   15.850509] sd 2:0:0:0: [sda] Write Protect is off
[   15.852352] sd 2:0:0:0: Attached scsi generic sg0 type 0
[   15.852425] sd 2:0:0:0: [sda] Incomplete mode parameter data
[   15.852426] sd 2:0:0:0: [sda] Assuming drive cache: write through
[   15.853252]  sda: sda1
[   15.853606] sd 2:0:0:0: [sda] Attached SCSI disk
[   15.855586] sd 2:0:1:0: Attached scsi generic sg1 type 0
[   15.855732] sd 2:0:1:0: [sdb] 20480 512-byte logical blocks: (10.5 MB/10.0 MiB)
[   15.855812] sd 2:0:1:0: [sdb] Write Protect is off
[   15.855851] sd 2:0:1:0: [sdb] Incomplete mode parameter data
[   15.855852] sd 2:0:1:0: [sdb] Assuming drive cache: write through
[   15.856973] sd 2:0:1:0: [sdb] Attached SCSI disk
[   16.038127] floppy0: no floppy controllers found
Begin: Loading essential drivers[   17.737849] raid6: sse2x1   gen() 15133 MB/s
 ... [   17.982836] raid6: sse2x1   xor() 11936 MB/s
[   18.372835] raid6: sse2x2   gen() 20979 MB/s
[   18.676264] raid6: sse2x2   xor() 12549 MB/s
[   19.020286] raid6: sse2x4   gen() 21438 MB/s
[   19.396262] raid6: sse2x4   xor() 13784 MB/s
[   19.723042] raid6: using algorithm sse2x4 gen() 21438 MB/s
[   20.016572] raid6: .... xor() 13784 MB/s, rmw enabled
[   20.022998] raid6: using ssse3x2 recovery algorithm
[   20.213978] xor: automatically using best checksumming function   avx       
[   20.215392] async_tx: api initialized (async)
done.
Begin: Running[   20.238195] Btrfs loaded, crc32c=crc32c-intel
 /scripts/init-premount ... done[   20.397012] EXT4-fs (sda1): mounted filesystem with ordered data mode. Opts: (null)
.
Begin: Mounting root file system ... Begin: Running /scripts/local-top ... done.
Begin: Running /scripts/local-premount ... Scanning for Btrfs filesystems
done.
Warning: fsck not present, so skipping root file system
done.
Begin: Running /scripts/local-bottom ... done.
Begin: Running /scripts/init-bottom ... /scripts/init-bottom/plymouth: line 18: /bin/plymouth: not found
done.
[   20.928125] ip_tables: (C) 2000-2006 Netfilter Core Team
[   21.079701] systemd[1]: systemd 232 running in system mode. (+PAM +AUDIT +SELINUX +IMA +APPARMOR +SMACK +SYSVINIT +UTMP +LIBCRYPTSETUP +GCRYPT +GNUTLS +ACL +XZ +LZ4 +SECCOMP +BLKID +ELFUTILS +KMOD +IDN)
[   21.628451] systemd[1]: Detected virtualization oracle.
[   21.786809] systemd[1]: Detected architecture x86-64.

Welcome to [1mUbuntu 17.04[0m!

[   21.974555] systemd[1]: Set hostname to <ubuntu>.
[   22.095576] systemd[1]: Initializing machine ID from random generator.
[   22.275090] systemd[1]: Installed transient /etc/machine-id file.
[   22.619144] systemd[1]: Set up automount Arbitrary Executable File Formats File System Automount Point.
[[0;32m  OK  [0m] Set up automount Arbitrary Executabâ€¦rmats File System Automount Point.
[   23.002223] systemd[1]: Listening on udev Control Socket.
[[0;32m  OK  [0m] Listening on udev Control Socket.
[   23.078907] systemd[1]: Listening on LVM2 metadata daemon socket.
[[0;32m  OK  [0m] Listening on LVM2 metadata daemon socket.
[   23.084046] systemd[1]: Started Forward Password Requests to Wall Directory Watch.
[[0;32m  OK  [0m] Started Forward Password Requests to Wall Directory Watch.
[[0;32m  OK  [0m] Listening on Device-mapper event daemon FIFOs.
[[0;32m  OK  [0m] Created slice User and Session Slice.
[[0;32m  OK  [0m] Reached target User and Group Name Lookups.
[[0;32m  OK  [0m] Listening on udev Kernel Socket.
[[0;32m  OK  [0m] Listening on LVM2 poll daemon socket.
[[0;32m  OK  [0m] Listening on Journal Socket.
[[0;32m  OK  [0m] Listening on Journal Audit Socket.
[[0;32m  OK  [0m] Listening on Syslog Socket.
[[0;32m  OK  [0m] Created slice System Slice.
         Starting Uncomplicated firewall...
         Starting Nameserver information manager...
         Starting Create list of required stâ€¦ce nodes for the current kernel...
         Mounting Debug File System...
[[0;32m  OK  [0m] Reached target Slices.
         Starting Remount Root and Kernel File Systems...
         Starting Load Kernel Modules...
         Mounting Huge Pages File System...
         Starting Monitor[   23.121510] EXT4-fs (sda1): re-mounted. Opts: (null)
ing of LVM2 mirrorsâ€¦ng dmeventd or progress polling...
[   23.145132] Loading iSCSI transport class v2.0-870.
         Starting Set the console keyboard layout...
         Mounting POSIX Message Queue File System...
[[0;32m  OK  [0m] Created slice system-serial\x2dgetty.slice.
[[0;32m  OK  [0m] Reached target Swap.
[[0;32m  OK  [0m] Listening on /dev/initctl Compatibility Named Pipe.
[[0;32m  OK  [0m] Listening on Journal Socket (/dev/log).
         Starting Journal Service...
[[0;32m  OK  [0m] Mounted POSIX Message Queue File System.
[[0;32m  OK  [0m] Mounted Huge Pages File System.
[[0;32m  OK  [0m] Mounted Debug File System.
[[0;32m  OK  [0m] Started Uncomplicated firewall.
[[0;32m  OK  [0m] Started Create list of required staâ€¦vice nodes for the current kernel.
[[0;32m  OK  [0m] Started Remount Root and Kernel File Systems.
         Starting Initial cloud-init job (pre-networking)...
         Starting Load/Save Random Seed...
[   23.178797] iscsi: registered transport (tcp)
[   23.194383] iscsi: registered transport (iser)
         Starting udev Coldplug all Devices...
         Starting Create Static Device Nodes in /dev...
[[0;32m  OK  [0m] Started Journal Service.
[[0;32m  OK  [0m] Started Load Kernel Modules.
[[0;32m  OK  [0m] Started Nameserver information manager.
[[0;32m  OK  [0m] Started Load/Save Random Seed.
[[0;32m  OK  [0m] Started LVM2 metadata daemon.
         Mounting FUSE Control File System...
         Starting Apply Kernel Variables...
         Mounting Configuration File System...
         Starting Flush Journal to Persistent Storage...
[[0;32m  OK  [0m] Mounted Configuration File System.
[[0;32m  OK  [0m] Mounted FUSE Control File System.
[[0;32m  OK  [0m] Started Create Static Device Nodes in /dev.
[[0;32m  OK  [0m] Started udev Coldplug all Devices.
         Starting udev Kernel Device Manager...
[[0;32m  OK  [0m] Started Apply Kernel Variables.
[[0;32m  OK  [0m] Started udev Kernel Device Manager.
[[0;32m  OK  [0m] Started Flush Journal to Persistent Storage.
[[0;32m  OK  [0m] Started Monitoring of LVM2 mirrors,â€¦sing dmeventd or progress polling.
[[0;32m  OK  [0m] Found device /dev/ttyS0.
[[0;32m  OK  [0m] Started Set the console keyboard layout.
[[0;32m  OK  [0m] Reached target Local File Systems (Pre).
[[0;32m  OK  [0m] Reached target Local File Systems.
         Starting ebtables ruleset management...
         Starting Create Volatile Files and Directories...
         Starting Set console font and keymap...
         Starting Commit a transient machine-id on disk...
         Starting AppArmor initialization...
         Starting Tell Plymouth To Write Out Runtime Data...
[[0;32m  OK  [0m] Started Dispatch Password Requests to Console Directory Watch.
[[0;32m  OK  [0m] Reached target Encrypted Volumes.
[[   16.739161] cloud-init[437]: Cloud-init v. 0.7.9 running 'init-local' at Fri, 13 Oct 2017 18:52:24 +0000. Up 16.55 seconds.
[0;32m  OK  [0m] Started Create Volatile Files and Directories.
[[0;32m  OK  [0m] Started Set console font and keymap.
[[0;32m  OK  [0m] Started Commit a transient machine-id on disk.
[[0;32m  OK  [0m] Started Tell Plymouth To Write Out Runtime Data.
[[0;32m  OK  [0m] Started Initial cloud-init job (pre-networking).
[[0;32m  OK  [0m] Listening on Load/Save RF Kill Switch Status /dev/rfkill Watch.
[[0;32m  OK  [0m] Reached target System Time Synchronized.
         Starting Update UTMP about System Boot/Shutdown...
[[0;32m  OK  [0m] Started ebtables ruleset management.
[[0;32m  OK  [0m] Reached target Network (Pre).
[[0;32m  OK  [0m] Started Update UTMP about System Boot/Shutdown.
[[0;32m  OK  [0m] Started AppArmor initialization.
         Starting Raise network interfaces...
[[0;32m  OK  [0m] Started Raise network interfaces.
         Starting Initial cloud-init job (metadata service crawler)...
[[0;32m  OK  [0m] Reached target Network.
[   20.665582] cloud-init[1005]: Cloud-init v. 0.7.9 running 'init' at Fri, 13 Oct 2017 18:52:28 +0000. Up 20.02 seconds.
[   20.687492] cloud-init[1005]: ci-info: +++++++++++++++++++++++++++++Net device info++++++++++++++++++++++++++++++
[   20.689321] cloud-init[1005]: ci-info: +---------+------+-----------+---------------+-------+-------------------+
[   20.692440] cloud-init[1005]: ci-info: |  Device |  Up  |  Address  |      Mask     | Scope |     Hw-Address    |
[[0;32m  OK  [0m] Started Initial cloud-init job (metadata service crawler).
[   20.696020] [cloud-init[0;32m  OK  [0m[1005]: ] ci-info: +---------+------+-----------+---------------+-------+-------------------+Reached target Cloud-config availability.

[[0;32m  OK  [0m] Reached target System Initialization.
[   20.698316] cloud-init         Starting Socket activation for snappy daemon.
[1005]: ci-info: |   lo:   | True | 127.0.0.1 |   255.0.0.0   |   .   |         .         |
[[0;32m  OK  [0m] Started Message of the Day.
[   20.735716] cloud-init[1005]: ci-info: |   lo:   | True |     .     |       .       |   d   |         .         |
         Starting LXD - unix socket.
[   20.765812] [cloud-init[0;32m  OK  [0m[1005]: ] ci-info: | enp0s3: | True | 10.0.2.15 | 255.255.255.0 |   .   | 02:f4:2a:08:58:6b |Listening on D-Bus System Message Bus Socket.

[[0;32m  OK  [0m] Started ACPI Events Check.
[   20.786119] [cloud-init[0;32m  OK  [0m[1005]: ] ci-info: | enp0s3: | True |     .     |       .       |   d   | 02:f4:2a:08:58:6b |Reached target Paths.

[[0;32m  OK  [0m] Listening on UUID daemon activation socket.
[   20.799027] [cloud-init[0;32m  OK  [0m[1005]: ] ci-info: +---------+------+-----------+---------------+-------+-------------------+Listening on ACPID Listen Socket.

[[0;32m  OK  [0m] Started Timer to automatically fetch and run repair assertions.
[   20.802260] [[0;32m  OK  [0m] Started Timer to automatically refresh installed snaps.
[[0;32m  OK  [0m] Started Daily Cleanup of Temporary Directories.
[[0;32m  OK  [0m] Listening on Socket activation for snappy daemon.
[[0;32m  OK  [0m] Listening on LXD - unix socket.
[[0;32m  OK  [0m] Reached target Sockets.
[[0;32m  OK  [0m] Reached target Basic System.
cloud-init[1005]: ci-info: +++++++++++++++++++++++++++Route IPv4 info++++++++++++++++++++++++++++
         Starting Network Name Resolution...
[   20.808964] cloud-init[1005]: ci-info: +-------+-------------+----------+---------------+-----------+-------+
[[0;32m  OK  [0m] Started D-Bus System Message Bus.
[   20.840560] cloud-init[1005]: ci-info: | Route | Destination | Gateway  |    Genmask    | Interface | Flags |
         Starting Accounts Service...
[   20.853498] cloud-init[1005]: ci-info: +-------+-------------+----------+---------------+-----------+-------+         Starting Login Service...

[[0;32m  OK  [0m] Started Regular background program processing daemon.
[   20.868738] [[0;32m  OK  [0m] Started Unattended Upgrades Shutdown.
cloud-init[1005]: ci-info: |   0   |   0.0.0.0   | 10.0.2.2 |    0.0.0.0    |   enp0s3  |   UG  |         Starting LXD - container startup/shutdown...

[   20.869929] cloud-init         Starting LSB: Record successful boot for GRUB...
[[0;32m  OK  [0m] Started Deferred execution scheduler.
[[0;32m  OK  [0m] Started FUSE filesystem for LXC.
[[0;32m  OK  [0m] Started ACPI event daemon.
         Starting System Logging Service...
[1005]: ci-info: |   1   |   10.0.2.0  | 0.0.0.0  | 255.255.255.0 |   enp0s3  |   U   |
         Starting Snappy daemon...
[   20.891584] cloud-init[1005]: ci-info: +-------+-------------+----------+---------------+-----------+-------+
[[0;32m  OK  [0m] Started Login Service.
[   20.934528] cloud-init[1005]: [[0;32m  OK  [0m] Started System Logging Service.
Generating public/private rsa key pair.
[   20.946867] cloud-init[1005]: Your identification has been saved in /etc/ssh/ssh_host_rsa_key.
[   20.949828] cloud-init[1005]: Your public key has been saved in /etc/ssh/ssh_host_rsa_key.pub.
[   20.950823] cloud-init[1005]: The key fingerprint is:
[   20.951497] cloud-init[1005]: SHA256:Glwv0Lukh7mu0IuTf9A6KxwxPBziFfosHxy3y0TyD6M root@ubuntu-zesty
[   20.964147] cloud-init[1005]: The key's randomart image is:
[   20.980166] cloud-init[1005]: +---[RSA 2048]----+
[   20.984802] cloud-init[1005]: |   ..            |
[   20.986578] cloud-init[1005]: |. o.   .         |
[   20.989155] cloud-init[1005]: |.=.+ o. o        |
[   20.989662] cloud-init[1005]: | .X *..o o       |
[   20.990132] cloud-init[1005]: | . O Bo S .      |
[   20.990598] cloud-init[1005]: |  +.* *B o       |
[   20.992329] cloud-init[1005]: | ..E.==.o        |
[   21.004210] cloud-init[1005]: |  =oo..o         |
[   21.028205] cloud-init[1005]: |  .+=*o          |
[   21.084184] cloud-init[1005]: +----[SHA256]-----+
[   21.093149] cloud-init[1005]: Generating public/private dsa key pair.
[   21.097931] cloud-init[1005]: Your identification has been saved in /etc/ssh/ssh_host_dsa_key.
[   21.099816] cloud-init[1005]: Your public key has been saved in /etc/ssh/ssh_host_dsa_key.pub.
[   21.100374] cloud-init[1005]: The key fingerprint is:
[   21.100727] cloud-init[1005]: SHA256:9JNUOLimcyXoMBykVfMEN62PWi9H1WqR2smCZo/d7Jg root@ubuntu-zesty
[   21.101285] cloud-init[1005]: The key's randomart image is:
[   21.101653] cloud-init[1005]: +---[DSA 1024]----+
[   21.101993] cloud-init[1005]: |   .o.+.+o ..    |
[   21.102332] cloud-init[1005]: |   o.  =..+.     |
[   21.102695] cloud-init[1005]: |  .. . .oo.. o   |
[   21.103033] cloud-init[1005]: |    + ..=o..+ .  |
[   21.103372] cloud-init[1005]: |     + oS*+= +   |
[   21.103704] cloud-init[1005]: |      + B =.*    |
[   21.104040] cloud-init[1005]: |       B * =     |
[   21.104389] cloud-init[1005]: |      . o =oo    |
[   21.109985] cloud-init[1005]: |         oE..    |
[   21.110323] cloud-init[1005]: +----[SHA256]-----+
[   21.110662] cloud-init[1005]: Generating public/private ecdsa key pair.
[   21.111085] cloud-init[1005]: Your identification has been saved in /etc/ssh/ssh_host_ecdsa_key.
[   21.111622] cloud-init[1005]: Your public key has been saved in /etc/ssh/ssh_host_ecdsa_key.pub.
[   21.112163] cloud-init[1005]: The key fingerprint is:
[   21.112505] cloud-init[1005]: SHA256:VKCRyS9rD0bTwo2hC93XiC03GYN7wXRp2lig5Z7Tb1k root@ubuntu-zesty
[   21.113046] cloud-init[1005]: The key's randomart image is:
[   21.113406] cloud-init[1005]: +---[ECDSA 256]---+
[   21.113727] cloud-init[1005]: |     ..*=oo.     |
[   21.114047] cloud-init[1005]: |      **=o+      |
[   21.114403] cloud-init[1005]: |   . +oXo&       |
[[0;32m  OK  [0m] Started LSB: Record successful boot for GRUB.
[[0;32m  OK  [0m] Started Network Name Resolution.
[   21.120744] cloud-init[1005]: |  . o %o#oo      |
[   21.156960] cloud-init[1005]: |   . o XS..   E  |
[   21.158747] cloud-init[1005]: |    . =  . . o   |
[   21.160261] cloud-init[1005]: |     o o    +    |
[   21.160689] cloud-init[1005]: |        .  .     |
[   21.161162] cloud-init[1005]: |                 |
[   21.161571] cloud-init[1005]: +----[SHA256]-----+
         Starting Authorization Manager...
[   21.197426] [cloud-init[0;32m  OK  [0m[1005]: ] Generating public/private ed25519 key pair.Reached target Network is Online.

[   21.242339] cloud-init[1005]: Your identification has been saved in /etc/ssh/ssh_host_ed25519_key.
[   21.248089] cloud-init[1005]: Your public key has been saved in /etc/ssh/ssh_host_ed25519_key.pub.
[   21.250888] cloud-init[1005]: The key fingerprint is:
[[0;32m  OK  [0m] Started Daily apt download activities.
[   21.252674] [[0;32m  OK  [0m] Started Daily apt upgrade and clean activities.
[[0;32m  OK  [0m] Reached target Timers.
cloud-init[1005]:          Starting Apply the settings specified in cloud-config...
SHA256:MrjX2wO0aWnBkcRMptUTa7cnNePsXd0Wp+KnRUFbZZw root@ubuntu-zesty         Starting iSCSI initiator daemon (iscsid)...

[   21.274985] cloud-init[1005]: The key's randomart image is:
[   21.299525] cloud-init[1005]: +--[ED25519 256]--+
[   21.303065] cloud-init[1005]: |       ==o..  ..*|
[   21.343577] cloud-init[1005]: |       += o. . E.|
         Starting Pollinate to seed the pseudo random number generator...
[[0;32m  OK  [0m] Started Snappy daemon.
[[0;32m  OK  [0m] Started Authorization Manager.
[[0;32m  OK  [0m] Started Accounts Service.
         Starting Auto import assertions from block devices...
[   21.343814] cloud-init[1005]: |      .. .o.. *..|
[[0;32m  OK  [0m] Started Auto import assertions from block devices.
[   21.400281] cloud-init[1005]: |     .  +. . = ==|
[   21.402306] cloud-init[1005]: |    . o.S=  + * =|
[   21.432387] cloud-init[1005]: |     . +B  . * o.|
[   21.432868] cloud-init[1005]: |    . .o..  . + .|
[   21.436392] cloud-init[1005]: |     .   o.  +   |
[   21.445491] cloud-init[1005]: |        . ...    |
[   21.447430] cloud-init[1005]: +----[SHA256]-----+
[[0;32m  OK  [0m] Started LXD - container startup/shutdown.
[[0;32m  OK  [0m] Started iSCSI initiator daemon (iscsid).
         Starting Login to default iSCSI targets...
[[0;32m  OK  [0m] Started Login to default iSCSI targets.
[[0;32m  OK  [0m] Reached target Remote File Systems (Pre).
[[0;32m  OK  [0m] Reached target Remote File Systems.
         Starting LSB: automatic crash report generation...
         Starting Permit User Sessions...
         Starting LSB: daemon to balance interrupts for SMP systems...
         Starting LSB: VirtualBox Linux Additions...
[[0;32m  OK  [0m] Started Permit User Sessions.
         Starting Terminate Plymouth Boot Screen...
         Starting Hold until boot process finishes up...
[[0;32m  OK  [0m] Started Terminate Plymouth Boot Screen.
[[0;32m  OK  [0m] Started Hold until boot process finishes up.
[[0;32m  OK  [0m] Started Serial Getty on ttyS0.
         Starting Set console scheme...
[   21.787437] cloud-init[1284]: Generating locales (this might take a while)...
[[0;32m  OK  [0m] Started LSB: automatic crash report generation.
[[0;32m  OK  [0m] Started LSB: daemon to balance interrupts for SMP systems.
[[0;32m  OK  [0m] Started LSB: VirtualBox Linux Additions.
[[0;32m  OK  [0m] Started Set console scheme.
[[0;32m  OK  [0m] Created slice system-getty.slice.
[[0;32m  OK  [0m] Started Getty on tty1.
[[0;32m  OK  [0m] Reached target Login Prompts.
[[0;32m  OK  [0m] Started Pollinate to seed the pseudo random number generator.
         Starting OpenBSD Secure Shell server...
[[0;32m  OK  [0m] Started OpenBSD Secure Shell server.
[[0;32m  OK  [0m] Reached target Multi-User System.
[[0;32m  OK  [0m] Reached target Graphical Interface.
[   22.285749] cloud-init[1284]:   en_US.UTF-8... done
         Starting Update UTMP about System Runlevel Changes...
[   22.349329] cloud-init[1284]: Generation complete.
[[0;32m  OK  [0m] Started Update UTMP about System Runlevel Changes.
         Stopping OpenBSD Secure Shell server...
[[0;32m  OK  [0m] Stopped OpenBSD Secure Shell server.
         Starting OpenBSD Secure Shell server...
[[0;32m  OK  [0m] Started OpenBSD Secure Shell server.
[[0;32m  OK  [0m] Created slice User Slice of ubuntu.
         Starting User Manager for UID 1000...
[[0;32m  OK  [0m] Started Session 1 of user ubuntu.
[[0;32m  OK  [0m] Started User Manager for UID 1000.
[   22.683751] cloud-init[1284]: Cloud-init v. 0.7.9 running 'modules:config' at Fri, 13 Oct 2017 18:52:29 +0000. Up 21.52 seconds.
[[0;32m  OK  [0m] Started Apply the settings specified in cloud-config.
         Starting Execute cloud user/final scripts...
ci-info: no authorized ssh keys fingerprints found for user ubuntu.
<14>Oct 13 18:52:31 ec2: 
<14>Oct 13 18:52:31 ec2: #############################################################
<14>Oct 13 18:52:31 ec2: -----BEGIN SSH HOST KEY FINGERPRINTS-----
<14>Oct 13 18:52:31 ec2: 1024 SHA256:9JNUOLimcyXoMBykVfMEN62PWi9H1WqR2smCZo/d7Jg root@ubuntu-zesty (DSA)
<14>Oct 13 18:52:31 ec2: 256 SHA256:VKCRyS9rD0bTwo2hC93XiC03GYN7wXRp2lig5Z7Tb1k root@ubuntu-zesty (ECDSA)
<14>Oct 13 18:52:31 ec2: 256 SHA256:MrjX2wO0aWnBkcRMptUTa7cnNePsXd0Wp+KnRUFbZZw root@ubuntu-zesty (ED25519)
<14>Oct 13 18:52:31 ec2: 2048 SHA256:Glwv0Lukh7mu0IuTf9A6KxwxPBziFfosHxy3y0TyD6M root@ubuntu-zesty (RSA)
<14>Oct 13 18:52:31 ec2: -----END SSH HOST KEY FINGERPRINTS-----
<14>Oct 13 18:52:31 ec2: #############################################################
-----BEGIN SSH HOST KEY KEYS-----
ecdsa-sha2-nistp256 AAAAE2VjZHNhLXNoYTItbmlzdHAyNTYAAAAIbmlzdHAyNTYAAABBBNkPIy60eJ24dfd38NMKwvOQFWNuW4218eGYWh/ebY+xvUHSQGgIqHHXMBTMsOTsW+pIhfG6xDka09gnQdy+0jw= root@ubuntu-zesty
ssh-ed25519 AAAAC3NzaC1lZDI1NTE5AAAAIIt/DVMQRn22qkvc9VtuDc8lGgLKy+1VwW4vNYXviCON root@ubuntu-zesty
ssh-rsa AAAAB3NzaC1yc2EAAAADAQABAAABAQDv58iUUFHQ+9cR5aJ5ZdxvLcDCw1/kpFA0y7Ykjd0DGV5MPiV8Otjoixnt2pJJ0oNXT/ck2e/cQW45aK8xIkK4f3EWre3Qn395oUaOeGixh/1sQhD5jqS4Hv5zRjBhhX9ZG27cqMIjK36RvGven5IJggrl/Cjnka8jRk8WrINQGi/5ZB+cobyz1bXyklMnO1TX6FM9ZybvcMnII8c78XJtDD1AlitWt+stJOHxTryMwytSUPT/VGgF0cTyLicEPNadyoHwfKKAxC3Cz4tKtQU88DATtNGIZz5ncb9Pmp4NkY27sH792xPO+bUb7tXHK8um8Rc9faMrLw6VVnc7q3Rh root@ubuntu-zesty
-----END SSH HOST KEY KEYS-----
[   23.298052] cloud-init[1740]: Cloud-init v. 0.7.9 running 'modules:final' at Fri, 13 Oct 2017 18:52:31 +0000. Up 22.89 seconds.
[[0;32m  OK  [0m[   23.499801] ] cloud-initStarted Execute cloud user/final scripts.[1740]: 
ci-info: no authorized ssh keys fingerprints found for user ubuntu.
[[0;32m  OK  [0m[   23.632205] cloud-init[1740]: ] Cloud-init v. 0.7.9 finished at Fri, 13 Oct 2017 18:52:31 +0000. Datasource DataSourceNoCloud [seed=/dev/sdb][dsmode=net].  Up 23.29 secondsReached target Cloud-init target.


Ubuntu 17.04 ubuntu-zesty ttyS0

ubuntu-zesty login: [14262.033439] Out of memory: Kill process 9807 (cc1plus) score 361 or sacrifice child
[14262.136960] Killed process 9807 (cc1plus) total-vm:430020kB, anon-rss:376960kB, file-rss:388kB, shmem-rss:0kB
